Archive member included to satisfy reference by file (symbol)

c:/program files (x86)/atmel/studio/7.0/toolchain/avr8/avr8-gnu-toolchain/bin/../lib/gcc/avr/5.4.0/avr5\libgcc.a(_udivmodsi4.o)
                              mcal_layer/USART/USART.o (__udivmodsi4)
c:/program files (x86)/atmel/studio/7.0/toolchain/avr8/avr8-gnu-toolchain/bin/../lib/gcc/avr/5.4.0/avr5\libgcc.a(_exit.o)
                              C:/Program Files (x86)/Atmel/Studio/7.0/Packs/atmel/ATmega_DFP/1.7.374/gcc/dev/atmega32/avr5/crtatmega32.o (exit)
c:/program files (x86)/atmel/studio/7.0/toolchain/avr8/avr8-gnu-toolchain/bin/../lib/gcc/avr/5.4.0/avr5\libgcc.a(_tablejump2.o)
                              mcal_layer/ADC/ADC_module.o (__tablejump2__)
c:/program files (x86)/atmel/studio/7.0/toolchain/avr8/avr8-gnu-toolchain/bin/../lib/gcc/avr/5.4.0/avr5\libgcc.a(_copy_data.o)
                              ecu_layer/keypad/ecu_keypad.o (__do_copy_data)
c:/program files (x86)/atmel/studio/7.0/toolchain/avr8/avr8-gnu-toolchain/bin/../lib/gcc/avr/5.4.0/avr5\libgcc.a(_clear_bss.o)
                              main.o (__do_clear_bss)
c:/program files (x86)/atmel/studio/7.0/toolchain/avr8/avr8-gnu-toolchain/bin/../lib/gcc/avr/5.4.0/avr5\libgcc.a(_umulhisi3.o)
                              main.o (__umulhisi3)
c:/program files (x86)/atmel/studio/7.0/toolchain/avr8/avr8-gnu-toolchain/bin/../lib/gcc/avr/5.4.0/../../../../avr/lib/avr5\libc.a(itoa.o)
                              lcd2.o (itoa)
c:/program files (x86)/atmel/studio/7.0/toolchain/avr8/avr8-gnu-toolchain/bin/../lib/gcc/avr/5.4.0/../../../../avr/lib/avr5\libc.a(itoa_ncheck.o)
                              c:/program files (x86)/atmel/studio/7.0/toolchain/avr8/avr8-gnu-toolchain/bin/../lib/gcc/avr/5.4.0/../../../../avr/lib/avr5\libc.a(itoa.o) (__itoa_ncheck)
c:/program files (x86)/atmel/studio/7.0/toolchain/avr8/avr8-gnu-toolchain/bin/../lib/gcc/avr/5.4.0/../../../../avr/lib/avr5\libc.a(utoa_ncheck.o)
                              c:/program files (x86)/atmel/studio/7.0/toolchain/avr8/avr8-gnu-toolchain/bin/../lib/gcc/avr/5.4.0/../../../../avr/lib/avr5\libc.a(itoa_ncheck.o) (__utoa_common)
c:/program files (x86)/atmel/studio/7.0/toolchain/avr8/avr8-gnu-toolchain/bin/../lib/gcc/avr/5.4.0/../../../../avr/lib/avr5\libc.a(strrev.o)
                              c:/program files (x86)/atmel/studio/7.0/toolchain/avr8/avr8-gnu-toolchain/bin/../lib/gcc/avr/5.4.0/../../../../avr/lib/avr5\libc.a(utoa_ncheck.o) (strrev)

Allocating common symbols
Common symbol       size              file

x                   0x1               main.o
timer               0x3               main.o
lower_temp          0x2               main.o
temp_val            0x2               main.o
dc_fan1             0x1               main.o
receivedData        0x1               main.o
fan_speed           0x2               main.o
upper_temp          0x2               main.o
auto_mode           0x3               main.o
index               0x1               main.o
recieved_frame      0x10              main.o
dc_fan2             0x1               main.o
ac_lamp             0x1               main.o
temp_sensor         0x2               main.o
isr_count           0x1               main.o
temp_status         0x1               main.o
dc_fan_pwm          0x2               main.o

Discarded input sections

 .data          0x00000000        0x0 C:/Program Files (x86)/Atmel/Studio/7.0/Packs/atmel/ATmega_DFP/1.7.374/gcc/dev/atmega32/avr5/crtatmega32.o
 .bss           0x00000000        0x0 C:/Program Files (x86)/Atmel/Studio/7.0/Packs/atmel/ATmega_DFP/1.7.374/gcc/dev/atmega32/avr5/crtatmega32.o
 .text          0x00000000        0x0 ecu_layer/keypad/ecu_keypad.o
 .data          0x00000000        0x0 ecu_layer/keypad/ecu_keypad.o
 .bss           0x00000000        0x0 ecu_layer/keypad/ecu_keypad.o
 .text.ecu_keypad_intiallize
                0x00000000       0xc8 ecu_layer/keypad/ecu_keypad.o
 .text.ecu_keypad_get_pressed_button_value
                0x00000000       0xd0 ecu_layer/keypad/ecu_keypad.o
 .rodata.keypad_array
                0x00000000       0x10 ecu_layer/keypad/ecu_keypad.o
 .debug_info    0x00000000      0x491 ecu_layer/keypad/ecu_keypad.o
 .debug_abbrev  0x00000000      0x1ca ecu_layer/keypad/ecu_keypad.o
 .debug_loc     0x00000000      0x3ef ecu_layer/keypad/ecu_keypad.o
 .debug_aranges
                0x00000000       0x28 ecu_layer/keypad/ecu_keypad.o
 .debug_ranges  0x00000000       0x48 ecu_layer/keypad/ecu_keypad.o
 .debug_line    0x00000000      0x31c ecu_layer/keypad/ecu_keypad.o
 .debug_str     0x00000000      0x3ca ecu_layer/keypad/ecu_keypad.o
 .comment       0x00000000       0x31 ecu_layer/keypad/ecu_keypad.o
 .debug_frame   0x00000000       0x9c ecu_layer/keypad/ecu_keypad.o
 .text          0x00000000        0x0 ecu_layer/LCD/LCD.o
 .data          0x00000000        0x0 ecu_layer/LCD/LCD.o
 .bss           0x00000000        0x0 ecu_layer/LCD/LCD.o
 .text.ecu_lcd_intiallize
                0x00000000       0x9a ecu_layer/LCD/LCD.o
 .text.ecu_lcd_8bit_write_on_data_pins
                0x00000000       0x8a ecu_layer/LCD/LCD.o
 .text.ecu_lcd_8bit_write_specfic_command
                0x00000000       0xb8 ecu_layer/LCD/LCD.o
 .text.ecu_lcd_8bit_string_write
                0x00000000       0x46 ecu_layer/LCD/LCD.o
 .text.ecu_lcd_4bit_write_on_data_pins
                0x00000000      0x264 ecu_layer/LCD/LCD.o
 .text.ecu_lcd_4bit_command_intiallize_config
                0x00000000       0x4a ecu_layer/LCD/LCD.o
 .text.ecu_lcd_write_command_or_data_intiallize
                0x00000000       0x8e ecu_layer/LCD/LCD.o
 .debug_info    0x00000000      0xe5d ecu_layer/LCD/LCD.o
 .debug_abbrev  0x00000000      0x224 ecu_layer/LCD/LCD.o
 .debug_loc     0x00000000      0xd34 ecu_layer/LCD/LCD.o
 .debug_aranges
                0x00000000       0x50 ecu_layer/LCD/LCD.o
 .debug_ranges  0x00000000       0x70 ecu_layer/LCD/LCD.o
 .debug_line    0x00000000      0x679 ecu_layer/LCD/LCD.o
 .debug_str     0x00000000      0x487 ecu_layer/LCD/LCD.o
 .comment       0x00000000       0x31 ecu_layer/LCD/LCD.o
 .debug_frame   0x00000000      0x120 ecu_layer/LCD/LCD.o
 .text          0x00000000        0x0 ecu_layer/led/ecu_led.o
 .data          0x00000000        0x0 ecu_layer/led/ecu_led.o
 .bss           0x00000000        0x0 ecu_layer/led/ecu_led.o
 .text.ecu_led_intiallize
                0x00000000       0x5a ecu_layer/led/ecu_led.o
 .text.ecu_led_turn_on
                0x00000000       0x54 ecu_layer/led/ecu_led.o
 .text.ecu_led_turn_off
                0x00000000       0x54 ecu_layer/led/ecu_led.o
 .text.ecu_led_toggle
                0x00000000       0x52 ecu_layer/led/ecu_led.o
 .debug_info    0x00000000      0x440 ecu_layer/led/ecu_led.o
 .debug_abbrev  0x00000000      0x122 ecu_layer/led/ecu_led.o
 .debug_loc     0x00000000      0x1f8 ecu_layer/led/ecu_led.o
 .debug_aranges
                0x00000000       0x38 ecu_layer/led/ecu_led.o
 .debug_ranges  0x00000000       0x28 ecu_layer/led/ecu_led.o
 .debug_line    0x00000000      0x1d1 ecu_layer/led/ecu_led.o
 .debug_str     0x00000000      0x31c ecu_layer/led/ecu_led.o
 .comment       0x00000000       0x31 ecu_layer/led/ecu_led.o
 .debug_frame   0x00000000       0x94 ecu_layer/led/ecu_led.o
 .text          0x00000000        0x0 ecu_layer/push_button/ecu_push_button.o
 .data          0x00000000        0x0 ecu_layer/push_button/ecu_push_button.o
 .bss           0x00000000        0x0 ecu_layer/push_button/ecu_push_button.o
 .text.ecu_push_button_intiallize
                0x00000000       0x5a ecu_layer/push_button/ecu_push_button.o
 .text.ecu_push_button_read_logic
                0x00000000       0x94 ecu_layer/push_button/ecu_push_button.o
 .debug_info    0x00000000      0x31a ecu_layer/push_button/ecu_push_button.o
 .debug_abbrev  0x00000000      0x124 ecu_layer/push_button/ecu_push_button.o
 .debug_loc     0x00000000      0x14d ecu_layer/push_button/ecu_push_button.o
 .debug_aranges
                0x00000000       0x28 ecu_layer/push_button/ecu_push_button.o
 .debug_ranges  0x00000000       0x18 ecu_layer/push_button/ecu_push_button.o
 .debug_line    0x00000000      0x1d1 ecu_layer/push_button/ecu_push_button.o
 .debug_str     0x00000000      0x3a4 ecu_layer/push_button/ecu_push_button.o
 .comment       0x00000000       0x31 ecu_layer/push_button/ecu_push_button.o
 .debug_frame   0x00000000       0x64 ecu_layer/push_button/ecu_push_button.o
 .text          0x00000000        0x0 ecu_layer/seven_segment/ecu_seven_segment.o
 .data          0x00000000        0x0 ecu_layer/seven_segment/ecu_seven_segment.o
 .bss           0x00000000        0x0 ecu_layer/seven_segment/ecu_seven_segment.o
 .text.ecu_seven_segment_intiallize
                0x00000000       0x76 ecu_layer/seven_segment/ecu_seven_segment.o
 .text.ecu_seven_segment_write_number
                0x00000000       0xcc ecu_layer/seven_segment/ecu_seven_segment.o
 .debug_info    0x00000000      0x44d ecu_layer/seven_segment/ecu_seven_segment.o
 .debug_abbrev  0x00000000      0x160 ecu_layer/seven_segment/ecu_seven_segment.o
 .debug_loc     0x00000000      0x3ba ecu_layer/seven_segment/ecu_seven_segment.o
 .debug_aranges
                0x00000000       0x28 ecu_layer/seven_segment/ecu_seven_segment.o
 .debug_ranges  0x00000000       0x48 ecu_layer/seven_segment/ecu_seven_segment.o
 .debug_line    0x00000000      0x1f5 ecu_layer/seven_segment/ecu_seven_segment.o
 .debug_str     0x00000000      0x41b ecu_layer/seven_segment/ecu_seven_segment.o
 .comment       0x00000000       0x31 ecu_layer/seven_segment/ecu_seven_segment.o
 .debug_frame   0x00000000       0x64 ecu_layer/seven_segment/ecu_seven_segment.o
 .text          0x00000000        0x0 intiallization.o
 .data          0x00000000        0x0 intiallization.o
 .bss           0x00000000        0x0 intiallization.o
 .debug_info    0x00000000       0x64 intiallization.o
 .debug_abbrev  0x00000000       0x26 intiallization.o
 .debug_aranges
                0x00000000       0x18 intiallization.o
 .debug_line    0x00000000       0x1a intiallization.o
 .debug_str     0x00000000      0x181 intiallization.o
 .comment       0x00000000       0x31 intiallization.o
 .text          0x00000000        0x0 lcd2.o
 .data          0x00000000        0x0 lcd2.o
 .bss           0x00000000        0x0 lcd2.o
 .text.LCD_intgerToString
                0x00000000       0x3c lcd2.o
 .text.LCD_clearScreen
                0x00000000        0x8 lcd2.o
 .text          0x00000000        0x0 main.o
 .data          0x00000000        0x0 main.o
 .bss           0x00000000        0x0 main.o
 .text          0x00000000        0x0 mcal_layer/ADC/ADC_module.o
 .data          0x00000000        0x0 mcal_layer/ADC/ADC_module.o
 .bss           0x00000000        0x0 mcal_layer/ADC/ADC_module.o
 .text.mcal_adc_read_interrupt_value
                0x00000000        0xe mcal_layer/ADC/ADC_module.o
 .text          0x00000000        0x0 mcal_layer/gpio/mcal_gpio.o
 .data          0x00000000        0x0 mcal_layer/gpio/mcal_gpio.o
 .bss           0x00000000        0x0 mcal_layer/gpio/mcal_gpio.o
 .text.mcal_gpio_pin_get_direction
                0x00000000       0x24 mcal_layer/gpio/mcal_gpio.o
 .text.mcal_gpio_pin_input_read_logic
                0x00000000       0x64 mcal_layer/gpio/mcal_gpio.o
 .text.mcal_gpio_pin_toggle_logic
                0x00000000       0x42 mcal_layer/gpio/mcal_gpio.o
 .text.mcal_gpio_port_direction_intiallize
                0x00000000       0x84 mcal_layer/gpio/mcal_gpio.o
 .data.gpio_pin_reg
                0x00000000        0x8 mcal_layer/gpio/mcal_gpio.o
 .text          0x00000000        0x0 mcal_layer/I2C/I2C.o
 .data          0x00000000        0x0 mcal_layer/I2C/I2C.o
 .bss           0x00000000        0x0 mcal_layer/I2C/I2C.o
 .text.mcal_i2c_master_mode_send_start_condition
                0x00000000       0x24 mcal_layer/I2C/I2C.o
 .text.mcal_i2c_master_mode_send_slave_address_master_tansmitter
                0x00000000       0x20 mcal_layer/I2C/I2C.o
 .text.mcal_i2c_master_mode_send_slave_address_master_reciever
                0x00000000       0x20 mcal_layer/I2C/I2C.o
 .text.mcal_i2c_master_mode_send_stop_condition
                0x00000000       0x1c mcal_layer/I2C/I2C.o
 .text.mcal_i2c_slave_mode_intiallize
                0x00000000       0x12 mcal_layer/I2C/I2C.o
 .text.mcal_i2c_slave_mode_match_address
                0x00000000       0x14 mcal_layer/I2C/I2C.o
 .text.mcal_i2c_send_data
                0x00000000       0x20 mcal_layer/I2C/I2C.o
 .text.mcal_i2c_read_data
                0x00000000       0x32 mcal_layer/I2C/I2C.o
 .debug_info    0x00000000      0x25e mcal_layer/I2C/I2C.o
 .debug_abbrev  0x00000000       0xe4 mcal_layer/I2C/I2C.o
 .debug_loc     0x00000000      0x17e mcal_layer/I2C/I2C.o
 .debug_aranges
                0x00000000       0x58 mcal_layer/I2C/I2C.o
 .debug_ranges  0x00000000       0x48 mcal_layer/I2C/I2C.o
 .debug_line    0x00000000      0x2bf mcal_layer/I2C/I2C.o
 .debug_str     0x00000000      0x309 mcal_layer/I2C/I2C.o
 .comment       0x00000000       0x31 mcal_layer/I2C/I2C.o
 .debug_frame   0x00000000       0x94 mcal_layer/I2C/I2C.o
 .text          0x00000000        0x0 mcal_layer/interrupt/interrupt_module.o
 .data          0x00000000        0x0 mcal_layer/interrupt/interrupt_module.o
 .bss           0x00000000        0x0 mcal_layer/interrupt/interrupt_module.o
 .text.mcal_interrupt_external_firring
                0x00000000       0xd0 mcal_layer/interrupt/interrupt_module.o
 .debug_info    0x00000000      0x1a9 mcal_layer/interrupt/interrupt_module.o
 .debug_abbrev  0x00000000       0xca mcal_layer/interrupt/interrupt_module.o
 .debug_loc     0x00000000       0x76 mcal_layer/interrupt/interrupt_module.o
 .debug_aranges
                0x00000000       0x20 mcal_layer/interrupt/interrupt_module.o
 .debug_ranges  0x00000000       0x10 mcal_layer/interrupt/interrupt_module.o
 .debug_line    0x00000000      0x1d1 mcal_layer/interrupt/interrupt_module.o
 .debug_str     0x00000000      0x378 mcal_layer/interrupt/interrupt_module.o
 .comment       0x00000000       0x31 mcal_layer/interrupt/interrupt_module.o
 .debug_frame   0x00000000       0x24 mcal_layer/interrupt/interrupt_module.o
 .text          0x00000000        0x0 mcal_layer/mcal_layer_source_files/device_config.o
 .data          0x00000000        0x0 mcal_layer/mcal_layer_source_files/device_config.o
 .bss           0x00000000        0x0 mcal_layer/mcal_layer_source_files/device_config.o
 .debug_line    0x00000000        0x0 mcal_layer/mcal_layer_source_files/device_config.o
 .debug_str     0x00000000      0x11d mcal_layer/mcal_layer_source_files/device_config.o
 .comment       0x00000000       0x31 mcal_layer/mcal_layer_source_files/device_config.o
 .text          0x00000000        0x0 mcal_layer/PWM/PWM.o
 .data          0x00000000        0x0 mcal_layer/PWM/PWM.o
 .bss           0x00000000        0x0 mcal_layer/PWM/PWM.o
 .text.mcal_PWM0_increase
                0x00000000       0x10 mcal_layer/PWM/PWM.o
 .text.mcal_PWM0_decrease
                0x00000000       0x10 mcal_layer/PWM/PWM.o
 .text          0x00000000        0x0 mcal_layer/timer0/timer0.o
 .data          0x00000000        0x0 mcal_layer/timer0/timer0.o
 .bss           0x00000000        0x0 mcal_layer/timer0/timer0.o
 .text.mcal_timer0_normal_mode_blocking
                0x00000000       0x4c mcal_layer/timer0/timer0.o
 .text.mcal_timer0_compare_mode_blocking
                0x00000000       0x4a mcal_layer/timer0/timer0.o
 .text.mcal_timer0_normal_mode_interrupt
                0x00000000       0x2a mcal_layer/timer0/timer0.o
 .text.mcal_timer0_compare_mode_interrupt
                0x00000000       0x28 mcal_layer/timer0/timer0.o
 .text          0x00000000        0x0 mcal_layer/timer1/timer1.o
 .data          0x00000000        0x0 mcal_layer/timer1/timer1.o
 .bss           0x00000000        0x0 mcal_layer/timer1/timer1.o
 .debug_info    0x00000000       0x64 mcal_layer/timer1/timer1.o
 .debug_abbrev  0x00000000       0x26 mcal_layer/timer1/timer1.o
 .debug_aranges
                0x00000000       0x18 mcal_layer/timer1/timer1.o
 .debug_line    0x00000000       0x1a mcal_layer/timer1/timer1.o
 .debug_str     0x00000000      0x189 mcal_layer/timer1/timer1.o
 .comment       0x00000000       0x31 mcal_layer/timer1/timer1.o
 .text          0x00000000        0x0 mcal_layer/USART/USART.o
 .data          0x00000000        0x0 mcal_layer/USART/USART.o
 .bss           0x00000000        0x0 mcal_layer/USART/USART.o
 .text.mcal_usart_async_write_baud_rate
                0x00000000       0x12 mcal_layer/USART/USART.o
 .text.mcal_usart_frame_intaillize
                0x00000000       0xfc mcal_layer/USART/USART.o
 .text.mcal_usart_async_calculate_baud_rate
                0x00000000       0x44 mcal_layer/USART/USART.o
 .text.mcal_usart_async_transmit_recieve_intiallize
                0x00000000       0x32 mcal_layer/USART/USART.o
 .text.mcal_usart_async_transmit_intiallize
                0x00000000       0x2c mcal_layer/USART/USART.o
 .text.mcal_usart_async_transmit_data_blocking
                0x00000000        0x8 mcal_layer/USART/USART.o
 .text.mcal_usart_async_recieve_intiallize
                0x00000000       0x2c mcal_layer/USART/USART.o
 .text.mcal_usart_async_recieve_data_blocking
                0x00000000        0x8 mcal_layer/USART/USART.o
 .text          0x00000000        0x0 c:/program files (x86)/atmel/studio/7.0/toolchain/avr8/avr8-gnu-toolchain/bin/../lib/gcc/avr/5.4.0/avr5\libgcc.a(_udivmodsi4.o)
 .data          0x00000000        0x0 c:/program files (x86)/atmel/studio/7.0/toolchain/avr8/avr8-gnu-toolchain/bin/../lib/gcc/avr/5.4.0/avr5\libgcc.a(_udivmodsi4.o)
 .bss           0x00000000        0x0 c:/program files (x86)/atmel/studio/7.0/toolchain/avr8/avr8-gnu-toolchain/bin/../lib/gcc/avr/5.4.0/avr5\libgcc.a(_udivmodsi4.o)
 .text.libgcc.mul
                0x00000000        0x0 c:/program files (x86)/atmel/studio/7.0/toolchain/avr8/avr8-gnu-toolchain/bin/../lib/gcc/avr/5.4.0/avr5\libgcc.a(_udivmodsi4.o)
 .text.libgcc.div
                0x00000000       0x44 c:/program files (x86)/atmel/studio/7.0/toolchain/avr8/avr8-gnu-toolchain/bin/../lib/gcc/avr/5.4.0/avr5\libgcc.a(_udivmodsi4.o)
 .text.libgcc   0x00000000        0x0 c:/program files (x86)/atmel/studio/7.0/toolchain/avr8/avr8-gnu-toolchain/bin/../lib/gcc/avr/5.4.0/avr5\libgcc.a(_udivmodsi4.o)
 .text.libgcc.prologue
                0x00000000        0x0 c:/program files (x86)/atmel/studio/7.0/toolchain/avr8/avr8-gnu-toolchain/bin/../lib/gcc/avr/5.4.0/avr5\libgcc.a(_udivmodsi4.o)
 .text.libgcc.builtins
                0x00000000        0x0 c:/program files (x86)/atmel/studio/7.0/toolchain/avr8/avr8-gnu-toolchain/bin/../lib/gcc/avr/5.4.0/avr5\libgcc.a(_udivmodsi4.o)
 .text.libgcc.fmul
                0x00000000        0x0 c:/program files (x86)/atmel/studio/7.0/toolchain/avr8/avr8-gnu-toolchain/bin/../lib/gcc/avr/5.4.0/avr5\libgcc.a(_udivmodsi4.o)
 .text.libgcc.fixed
                0x00000000        0x0 c:/program files (x86)/atmel/studio/7.0/toolchain/avr8/avr8-gnu-toolchain/bin/../lib/gcc/avr/5.4.0/avr5\libgcc.a(_udivmodsi4.o)
 .text          0x00000000        0x0 c:/program files (x86)/atmel/studio/7.0/toolchain/avr8/avr8-gnu-toolchain/bin/../lib/gcc/avr/5.4.0/avr5\libgcc.a(_exit.o)
 .data          0x00000000        0x0 c:/program files (x86)/atmel/studio/7.0/toolchain/avr8/avr8-gnu-toolchain/bin/../lib/gcc/avr/5.4.0/avr5\libgcc.a(_exit.o)
 .bss           0x00000000        0x0 c:/program files (x86)/atmel/studio/7.0/toolchain/avr8/avr8-gnu-toolchain/bin/../lib/gcc/avr/5.4.0/avr5\libgcc.a(_exit.o)
 .text.libgcc.mul
                0x00000000        0x0 c:/program files (x86)/atmel/studio/7.0/toolchain/avr8/avr8-gnu-toolchain/bin/../lib/gcc/avr/5.4.0/avr5\libgcc.a(_exit.o)
 .text.libgcc.div
                0x00000000        0x0 c:/program files (x86)/atmel/studio/7.0/toolchain/avr8/avr8-gnu-toolchain/bin/../lib/gcc/avr/5.4.0/avr5\libgcc.a(_exit.o)
 .text.libgcc   0x00000000        0x0 c:/program files (x86)/atmel/studio/7.0/toolchain/avr8/avr8-gnu-toolchain/bin/../lib/gcc/avr/5.4.0/avr5\libgcc.a(_exit.o)
 .text.libgcc.prologue
                0x00000000        0x0 c:/program files (x86)/atmel/studio/7.0/toolchain/avr8/avr8-gnu-toolchain/bin/../lib/gcc/avr/5.4.0/avr5\libgcc.a(_exit.o)
 .text.libgcc.builtins
                0x00000000        0x0 c:/program files (x86)/atmel/studio/7.0/toolchain/avr8/avr8-gnu-toolchain/bin/../lib/gcc/avr/5.4.0/avr5\libgcc.a(_exit.o)
 .text.libgcc.fmul
                0x00000000        0x0 c:/program files (x86)/atmel/studio/7.0/toolchain/avr8/avr8-gnu-toolchain/bin/../lib/gcc/avr/5.4.0/avr5\libgcc.a(_exit.o)
 .text.libgcc.fixed
                0x00000000        0x0 c:/program files (x86)/atmel/studio/7.0/toolchain/avr8/avr8-gnu-toolchain/bin/../lib/gcc/avr/5.4.0/avr5\libgcc.a(_exit.o)
 .text          0x00000000        0x0 c:/program files (x86)/atmel/studio/7.0/toolchain/avr8/avr8-gnu-toolchain/bin/../lib/gcc/avr/5.4.0/avr5\libgcc.a(_tablejump2.o)
 .data          0x00000000        0x0 c:/program files (x86)/atmel/studio/7.0/toolchain/avr8/avr8-gnu-toolchain/bin/../lib/gcc/avr/5.4.0/avr5\libgcc.a(_tablejump2.o)
 .bss           0x00000000        0x0 c:/program files (x86)/atmel/studio/7.0/toolchain/avr8/avr8-gnu-toolchain/bin/../lib/gcc/avr/5.4.0/avr5\libgcc.a(_tablejump2.o)
 .text.libgcc.mul
                0x00000000        0x0 c:/program files (x86)/atmel/studio/7.0/toolchain/avr8/avr8-gnu-toolchain/bin/../lib/gcc/avr/5.4.0/avr5\libgcc.a(_tablejump2.o)
 .text.libgcc.div
                0x00000000        0x0 c:/program files (x86)/atmel/studio/7.0/toolchain/avr8/avr8-gnu-toolchain/bin/../lib/gcc/avr/5.4.0/avr5\libgcc.a(_tablejump2.o)
 .text.libgcc.prologue
                0x00000000        0x0 c:/program files (x86)/atmel/studio/7.0/toolchain/avr8/avr8-gnu-toolchain/bin/../lib/gcc/avr/5.4.0/avr5\libgcc.a(_tablejump2.o)
 .text.libgcc.builtins
                0x00000000        0x0 c:/program files (x86)/atmel/studio/7.0/toolchain/avr8/avr8-gnu-toolchain/bin/../lib/gcc/avr/5.4.0/avr5\libgcc.a(_tablejump2.o)
 .text.libgcc.fmul
                0x00000000        0x0 c:/program files (x86)/atmel/studio/7.0/toolchain/avr8/avr8-gnu-toolchain/bin/../lib/gcc/avr/5.4.0/avr5\libgcc.a(_tablejump2.o)
 .text.libgcc.fixed
                0x00000000        0x0 c:/program files (x86)/atmel/studio/7.0/toolchain/avr8/avr8-gnu-toolchain/bin/../lib/gcc/avr/5.4.0/avr5\libgcc.a(_tablejump2.o)
 .text          0x00000000        0x0 c:/program files (x86)/atmel/studio/7.0/toolchain/avr8/avr8-gnu-toolchain/bin/../lib/gcc/avr/5.4.0/avr5\libgcc.a(_copy_data.o)
 .data          0x00000000        0x0 c:/program files (x86)/atmel/studio/7.0/toolchain/avr8/avr8-gnu-toolchain/bin/../lib/gcc/avr/5.4.0/avr5\libgcc.a(_copy_data.o)
 .bss           0x00000000        0x0 c:/program files (x86)/atmel/studio/7.0/toolchain/avr8/avr8-gnu-toolchain/bin/../lib/gcc/avr/5.4.0/avr5\libgcc.a(_copy_data.o)
 .text.libgcc.mul
                0x00000000        0x0 c:/program files (x86)/atmel/studio/7.0/toolchain/avr8/avr8-gnu-toolchain/bin/../lib/gcc/avr/5.4.0/avr5\libgcc.a(_copy_data.o)
 .text.libgcc.div
                0x00000000        0x0 c:/program files (x86)/atmel/studio/7.0/toolchain/avr8/avr8-gnu-toolchain/bin/../lib/gcc/avr/5.4.0/avr5\libgcc.a(_copy_data.o)
 .text.libgcc   0x00000000        0x0 c:/program files (x86)/atmel/studio/7.0/toolchain/avr8/avr8-gnu-toolchain/bin/../lib/gcc/avr/5.4.0/avr5\libgcc.a(_copy_data.o)
 .text.libgcc.prologue
                0x00000000        0x0 c:/program files (x86)/atmel/studio/7.0/toolchain/avr8/avr8-gnu-toolchain/bin/../lib/gcc/avr/5.4.0/avr5\libgcc.a(_copy_data.o)
 .text.libgcc.builtins
                0x00000000        0x0 c:/program files (x86)/atmel/studio/7.0/toolchain/avr8/avr8-gnu-toolchain/bin/../lib/gcc/avr/5.4.0/avr5\libgcc.a(_copy_data.o)
 .text.libgcc.fmul
                0x00000000        0x0 c:/program files (x86)/atmel/studio/7.0/toolchain/avr8/avr8-gnu-toolchain/bin/../lib/gcc/avr/5.4.0/avr5\libgcc.a(_copy_data.o)
 .text.libgcc.fixed
                0x00000000        0x0 c:/program files (x86)/atmel/studio/7.0/toolchain/avr8/avr8-gnu-toolchain/bin/../lib/gcc/avr/5.4.0/avr5\libgcc.a(_copy_data.o)
 .text          0x00000000        0x0 c:/program files (x86)/atmel/studio/7.0/toolchain/avr8/avr8-gnu-toolchain/bin/../lib/gcc/avr/5.4.0/avr5\libgcc.a(_clear_bss.o)
 .data          0x00000000        0x0 c:/program files (x86)/atmel/studio/7.0/toolchain/avr8/avr8-gnu-toolchain/bin/../lib/gcc/avr/5.4.0/avr5\libgcc.a(_clear_bss.o)
 .bss           0x00000000        0x0 c:/program files (x86)/atmel/studio/7.0/toolchain/avr8/avr8-gnu-toolchain/bin/../lib/gcc/avr/5.4.0/avr5\libgcc.a(_clear_bss.o)
 .text.libgcc.mul
                0x00000000        0x0 c:/program files (x86)/atmel/studio/7.0/toolchain/avr8/avr8-gnu-toolchain/bin/../lib/gcc/avr/5.4.0/avr5\libgcc.a(_clear_bss.o)
 .text.libgcc.div
                0x00000000        0x0 c:/program files (x86)/atmel/studio/7.0/toolchain/avr8/avr8-gnu-toolchain/bin/../lib/gcc/avr/5.4.0/avr5\libgcc.a(_clear_bss.o)
 .text.libgcc   0x00000000        0x0 c:/program files (x86)/atmel/studio/7.0/toolchain/avr8/avr8-gnu-toolchain/bin/../lib/gcc/avr/5.4.0/avr5\libgcc.a(_clear_bss.o)
 .text.libgcc.prologue
                0x00000000        0x0 c:/program files (x86)/atmel/studio/7.0/toolchain/avr8/avr8-gnu-toolchain/bin/../lib/gcc/avr/5.4.0/avr5\libgcc.a(_clear_bss.o)
 .text.libgcc.builtins
                0x00000000        0x0 c:/program files (x86)/atmel/studio/7.0/toolchain/avr8/avr8-gnu-toolchain/bin/../lib/gcc/avr/5.4.0/avr5\libgcc.a(_clear_bss.o)
 .text.libgcc.fmul
                0x00000000        0x0 c:/program files (x86)/atmel/studio/7.0/toolchain/avr8/avr8-gnu-toolchain/bin/../lib/gcc/avr/5.4.0/avr5\libgcc.a(_clear_bss.o)
 .text.libgcc.fixed
                0x00000000        0x0 c:/program files (x86)/atmel/studio/7.0/toolchain/avr8/avr8-gnu-toolchain/bin/../lib/gcc/avr/5.4.0/avr5\libgcc.a(_clear_bss.o)
 .text          0x00000000        0x0 c:/program files (x86)/atmel/studio/7.0/toolchain/avr8/avr8-gnu-toolchain/bin/../lib/gcc/avr/5.4.0/avr5\libgcc.a(_umulhisi3.o)
 .data          0x00000000        0x0 c:/program files (x86)/atmel/studio/7.0/toolchain/avr8/avr8-gnu-toolchain/bin/../lib/gcc/avr/5.4.0/avr5\libgcc.a(_umulhisi3.o)
 .bss           0x00000000        0x0 c:/program files (x86)/atmel/studio/7.0/toolchain/avr8/avr8-gnu-toolchain/bin/../lib/gcc/avr/5.4.0/avr5\libgcc.a(_umulhisi3.o)
 .text.libgcc.div
                0x00000000        0x0 c:/program files (x86)/atmel/studio/7.0/toolchain/avr8/avr8-gnu-toolchain/bin/../lib/gcc/avr/5.4.0/avr5\libgcc.a(_umulhisi3.o)
 .text.libgcc   0x00000000        0x0 c:/program files (x86)/atmel/studio/7.0/toolchain/avr8/avr8-gnu-toolchain/bin/../lib/gcc/avr/5.4.0/avr5\libgcc.a(_umulhisi3.o)
 .text.libgcc.prologue
                0x00000000        0x0 c:/program files (x86)/atmel/studio/7.0/toolchain/avr8/avr8-gnu-toolchain/bin/../lib/gcc/avr/5.4.0/avr5\libgcc.a(_umulhisi3.o)
 .text.libgcc.builtins
                0x00000000        0x0 c:/program files (x86)/atmel/studio/7.0/toolchain/avr8/avr8-gnu-toolchain/bin/../lib/gcc/avr/5.4.0/avr5\libgcc.a(_umulhisi3.o)
 .text.libgcc.fmul
                0x00000000        0x0 c:/program files (x86)/atmel/studio/7.0/toolchain/avr8/avr8-gnu-toolchain/bin/../lib/gcc/avr/5.4.0/avr5\libgcc.a(_umulhisi3.o)
 .text.libgcc.fixed
                0x00000000        0x0 c:/program files (x86)/atmel/studio/7.0/toolchain/avr8/avr8-gnu-toolchain/bin/../lib/gcc/avr/5.4.0/avr5\libgcc.a(_umulhisi3.o)
 .text          0x00000000        0x0 c:/program files (x86)/atmel/studio/7.0/toolchain/avr8/avr8-gnu-toolchain/bin/../lib/gcc/avr/5.4.0/../../../../avr/lib/avr5\libc.a(itoa.o)
 .data          0x00000000        0x0 c:/program files (x86)/atmel/studio/7.0/toolchain/avr8/avr8-gnu-toolchain/bin/../lib/gcc/avr/5.4.0/../../../../avr/lib/avr5\libc.a(itoa.o)
 .bss           0x00000000        0x0 c:/program files (x86)/atmel/studio/7.0/toolchain/avr8/avr8-gnu-toolchain/bin/../lib/gcc/avr/5.4.0/../../../../avr/lib/avr5\libc.a(itoa.o)
 .text.avr-libc
                0x00000000       0x16 c:/program files (x86)/atmel/studio/7.0/toolchain/avr8/avr8-gnu-toolchain/bin/../lib/gcc/avr/5.4.0/../../../../avr/lib/avr5\libc.a(itoa.o)
 .text          0x00000000        0x0 c:/program files (x86)/atmel/studio/7.0/toolchain/avr8/avr8-gnu-toolchain/bin/../lib/gcc/avr/5.4.0/../../../../avr/lib/avr5\libc.a(itoa_ncheck.o)
 .data          0x00000000        0x0 c:/program files (x86)/atmel/studio/7.0/toolchain/avr8/avr8-gnu-toolchain/bin/../lib/gcc/avr/5.4.0/../../../../avr/lib/avr5\libc.a(itoa_ncheck.o)
 .bss           0x00000000        0x0 c:/program files (x86)/atmel/studio/7.0/toolchain/avr8/avr8-gnu-toolchain/bin/../lib/gcc/avr/5.4.0/../../../../avr/lib/avr5\libc.a(itoa_ncheck.o)
 .text.avr-libc
                0x00000000       0x16 c:/program files (x86)/atmel/studio/7.0/toolchain/avr8/avr8-gnu-toolchain/bin/../lib/gcc/avr/5.4.0/../../../../avr/lib/avr5\libc.a(itoa_ncheck.o)
 .text          0x00000000        0x0 c:/program files (x86)/atmel/studio/7.0/toolchain/avr8/avr8-gnu-toolchain/bin/../lib/gcc/avr/5.4.0/../../../../avr/lib/avr5\libc.a(utoa_ncheck.o)
 .data          0x00000000        0x0 c:/program files (x86)/atmel/studio/7.0/toolchain/avr8/avr8-gnu-toolchain/bin/../lib/gcc/avr/5.4.0/../../../../avr/lib/avr5\libc.a(utoa_ncheck.o)
 .bss           0x00000000        0x0 c:/program files (x86)/atmel/studio/7.0/toolchain/avr8/avr8-gnu-toolchain/bin/../lib/gcc/avr/5.4.0/../../../../avr/lib/avr5\libc.a(utoa_ncheck.o)
 .text.avr-libc
                0x00000000       0x34 c:/program files (x86)/atmel/studio/7.0/toolchain/avr8/avr8-gnu-toolchain/bin/../lib/gcc/avr/5.4.0/../../../../avr/lib/avr5\libc.a(utoa_ncheck.o)
 .text          0x00000000        0x0 c:/program files (x86)/atmel/studio/7.0/toolchain/avr8/avr8-gnu-toolchain/bin/../lib/gcc/avr/5.4.0/../../../../avr/lib/avr5\libc.a(strrev.o)
 .data          0x00000000        0x0 c:/program files (x86)/atmel/studio/7.0/toolchain/avr8/avr8-gnu-toolchain/bin/../lib/gcc/avr/5.4.0/../../../../avr/lib/avr5\libc.a(strrev.o)
 .bss           0x00000000        0x0 c:/program files (x86)/atmel/studio/7.0/toolchain/avr8/avr8-gnu-toolchain/bin/../lib/gcc/avr/5.4.0/../../../../avr/lib/avr5\libc.a(strrev.o)
 .text.avr-libc
                0x00000000       0x20 c:/program files (x86)/atmel/studio/7.0/toolchain/avr8/avr8-gnu-toolchain/bin/../lib/gcc/avr/5.4.0/../../../../avr/lib/avr5\libc.a(strrev.o)

Memory Configuration

Name             Origin             Length             Attributes
text             0x00000000         0x00008000         xr
data             0x00800060         0x00000800         rw !x
eeprom           0x00810000         0x00000400         rw !x
fuse             0x00820000         0x00000002         rw !x
lock             0x00830000         0x00000400         rw !x
signature        0x00840000         0x00000400         rw !x
user_signatures  0x00850000         0x00000400         rw !x
*default*        0x00000000         0xffffffff

Linker script and memory map

LOAD C:/Program Files (x86)/Atmel/Studio/7.0/Packs/atmel/ATmega_DFP/1.7.374/gcc/dev/atmega32/avr5/crtatmega32.o
LOAD ecu_layer/keypad/ecu_keypad.o
LOAD ecu_layer/LCD/LCD.o
LOAD ecu_layer/led/ecu_led.o
LOAD ecu_layer/push_button/ecu_push_button.o
LOAD ecu_layer/seven_segment/ecu_seven_segment.o
LOAD intiallization.o
LOAD lcd2.o
LOAD main.o
LOAD mcal_layer/ADC/ADC_module.o
LOAD mcal_layer/gpio/mcal_gpio.o
LOAD mcal_layer/I2C/I2C.o
LOAD mcal_layer/interrupt/interrupt_module.o
LOAD mcal_layer/mcal_layer_source_files/device_config.o
LOAD mcal_layer/PWM/PWM.o
LOAD mcal_layer/timer0/timer0.o
LOAD mcal_layer/timer1/timer1.o
LOAD mcal_layer/USART/USART.o
START GROUP
LOAD c:/program files (x86)/atmel/studio/7.0/toolchain/avr8/avr8-gnu-toolchain/bin/../lib/gcc/avr/5.4.0/../../../../avr/lib/avr5\libm.a
END GROUP
START GROUP
LOAD c:/program files (x86)/atmel/studio/7.0/toolchain/avr8/avr8-gnu-toolchain/bin/../lib/gcc/avr/5.4.0/avr5\libgcc.a
LOAD c:/program files (x86)/atmel/studio/7.0/toolchain/avr8/avr8-gnu-toolchain/bin/../lib/gcc/avr/5.4.0/../../../../avr/lib/avr5\libm.a
LOAD c:/program files (x86)/atmel/studio/7.0/toolchain/avr8/avr8-gnu-toolchain/bin/../lib/gcc/avr/5.4.0/../../../../avr/lib/avr5\libc.a
LOAD C:/Program Files (x86)/Atmel/Studio/7.0/Packs/atmel/ATmega_DFP/1.7.374/gcc/dev/atmega32/avr5\libatmega32.a
END GROUP
                0x00000000                __TEXT_REGION_ORIGIN__ = DEFINED (__TEXT_REGION_ORIGIN__)?__TEXT_REGION_ORIGIN__:0x0
                [0x00800060]                __DATA_REGION_ORIGIN__ = DEFINED (__DATA_REGION_ORIGIN__)?__DATA_REGION_ORIGIN__:0x800060
                [0x00008000]                __TEXT_REGION_LENGTH__ = DEFINED (__TEXT_REGION_LENGTH__)?__TEXT_REGION_LENGTH__:0x20000
                [0x00000800]                __DATA_REGION_LENGTH__ = DEFINED (__DATA_REGION_LENGTH__)?__DATA_REGION_LENGTH__:0xffa0
                [0x00000400]                __EEPROM_REGION_LENGTH__ = DEFINED (__EEPROM_REGION_LENGTH__)?__EEPROM_REGION_LENGTH__:0x10000
                [0x00000002]                __FUSE_REGION_LENGTH__ = DEFINED (__FUSE_REGION_LENGTH__)?__FUSE_REGION_LENGTH__:0x400
                0x00000400                __LOCK_REGION_LENGTH__ = DEFINED (__LOCK_REGION_LENGTH__)?__LOCK_REGION_LENGTH__:0x400
                0x00000400                __SIGNATURE_REGION_LENGTH__ = DEFINED (__SIGNATURE_REGION_LENGTH__)?__SIGNATURE_REGION_LENGTH__:0x400
                0x00000400                __USER_SIGNATURE_REGION_LENGTH__ = DEFINED (__USER_SIGNATURE_REGION_LENGTH__)?__USER_SIGNATURE_REGION_LENGTH__:0x400

.hash
 *(.hash)

.dynsym
 *(.dynsym)

.dynstr
 *(.dynstr)

.gnu.version
 *(.gnu.version)

.gnu.version_d
 *(.gnu.version_d)

.gnu.version_r
 *(.gnu.version_r)

.rel.init
 *(.rel.init)

.rela.init
 *(.rela.init)

.rel.text
 *(.rel.text)
 *(.rel.text.*)
 *(.rel.gnu.linkonce.t*)

.rela.text
 *(.rela.text)
 *(.rela.text.*)
 *(.rela.gnu.linkonce.t*)

.rel.fini
 *(.rel.fini)

.rela.fini
 *(.rela.fini)

.rel.rodata
 *(.rel.rodata)
 *(.rel.rodata.*)
 *(.rel.gnu.linkonce.r*)

.rela.rodata
 *(.rela.rodata)
 *(.rela.rodata.*)
 *(.rela.gnu.linkonce.r*)

.rel.data
 *(.rel.data)
 *(.rel.data.*)
 *(.rel.gnu.linkonce.d*)

.rela.data
 *(.rela.data)
 *(.rela.data.*)
 *(.rela.gnu.linkonce.d*)

.rel.ctors
 *(.rel.ctors)

.rela.ctors
 *(.rela.ctors)

.rel.dtors
 *(.rel.dtors)

.rela.dtors
 *(.rela.dtors)

.rel.got
 *(.rel.got)

.rela.got
 *(.rela.got)

.rel.bss
 *(.rel.bss)

.rela.bss
 *(.rela.bss)

.rel.plt
 *(.rel.plt)

.rela.plt
 *(.rela.plt)

.text           0x00000000      0xf92
 *(.vectors)
 .vectors       0x00000000       0x54 C:/Program Files (x86)/Atmel/Studio/7.0/Packs/atmel/ATmega_DFP/1.7.374/gcc/dev/atmega32/avr5/crtatmega32.o
                0x00000000                __vector_default
                0x00000000                __vectors
 *(.vectors)
 *(.progmem.gcc*)
 .progmem.gcc_sw_table.mcal_adc_intiallize
                0x00000054       0x1e mcal_layer/ADC/ADC_module.o
 .progmem.gcc_sw_table.mcal_timer0_select_prescalar
                0x00000072       0x10 mcal_layer/timer0/timer0.o
                0x00000082                . = ALIGN (0x2)
                0x00000082                __trampolines_start = .
 *(.trampolines)
 .trampolines   0x00000082        0x0 linker stubs
 *(.trampolines*)
                0x00000082                __trampolines_end = .
 *libprintf_flt.a:*(.progmem.data)
 *libc.a:*(.progmem.data)
 *(.progmem*)
                0x00000082                . = ALIGN (0x2)
 *(.jumptables)
 *(.jumptables*)
 *(.lowtext)
 *(.lowtext*)
                0x00000082                __ctors_start = .
 *(.ctors)
                0x00000082                __ctors_end = .
                0x00000082                __dtors_start = .
 *(.dtors)
                0x00000082                __dtors_end = .
 SORT(*)(.ctors)
 SORT(*)(.dtors)
 *(.init0)
 .init0         0x00000082        0x0 C:/Program Files (x86)/Atmel/Studio/7.0/Packs/atmel/ATmega_DFP/1.7.374/gcc/dev/atmega32/avr5/crtatmega32.o
                0x00000082                __init
 *(.init0)
 *(.init1)
 *(.init1)
 *(.init2)
 .init2         0x00000082        0xc C:/Program Files (x86)/Atmel/Studio/7.0/Packs/atmel/ATmega_DFP/1.7.374/gcc/dev/atmega32/avr5/crtatmega32.o
 *(.init2)
 *(.init3)
 *(.init3)
 *(.init4)
 .init4         0x0000008e       0x16 c:/program files (x86)/atmel/studio/7.0/toolchain/avr8/avr8-gnu-toolchain/bin/../lib/gcc/avr/5.4.0/avr5\libgcc.a(_copy_data.o)
                0x0000008e                __do_copy_data
 .init4         0x000000a4       0x10 c:/program files (x86)/atmel/studio/7.0/toolchain/avr8/avr8-gnu-toolchain/bin/../lib/gcc/avr/5.4.0/avr5\libgcc.a(_clear_bss.o)
                0x000000a4                __do_clear_bss
 *(.init4)
 *(.init5)
 *(.init5)
 *(.init6)
 *(.init6)
 *(.init7)
 *(.init7)
 *(.init8)
 *(.init8)
 *(.init9)
 .init9         0x000000b4        0x8 C:/Program Files (x86)/Atmel/Studio/7.0/Packs/atmel/ATmega_DFP/1.7.374/gcc/dev/atmega32/avr5/crtatmega32.o
 *(.init9)
 *(.text)
 .text          0x000000bc        0x4 C:/Program Files (x86)/Atmel/Studio/7.0/Packs/atmel/ATmega_DFP/1.7.374/gcc/dev/atmega32/avr5/crtatmega32.o
                0x000000bc                __vector_1
                0x000000bc                __vector_12
                0x000000bc                __bad_interrupt
                0x000000bc                __vector_6
                0x000000bc                __vector_3
                0x000000bc                __vector_11
                0x000000bc                __vector_17
                0x000000bc                __vector_19
                0x000000bc                __vector_7
                0x000000bc                __vector_5
                0x000000bc                __vector_4
                0x000000bc                __vector_9
                0x000000bc                __vector_2
                0x000000bc                __vector_15
                0x000000bc                __vector_8
                0x000000bc                __vector_14
                0x000000bc                __vector_10
                0x000000bc                __vector_16
                0x000000bc                __vector_18
                0x000000bc                __vector_20
                0x000000c0                . = ALIGN (0x2)
 *(.text.*)
 .text.LCD_sendCommand
                0x000000c0       0x92 lcd2.o
                0x000000c0                LCD_sendCommand
 .text.LCD_init
                0x00000152       0x26 lcd2.o
                0x00000152                LCD_init
 .text.LCD_displayCharacter
                0x00000178       0x92 lcd2.o
                0x00000178                LCD_displayCharacter
 .text.LCD_displayString
                0x0000020a       0x26 lcd2.o
                0x0000020a                LCD_displayString
 .text.LCD_goToRowColumn
                0x00000230       0x2e lcd2.o
                0x00000230                LCD_goToRowColumn
 .text.LCD_displayStringRowColumn
                0x0000025e       0x16 lcd2.o
                0x0000025e                LCD_displayStringRowColumn
 .text.intiallize_temp_sensor
                0x00000274       0x28 main.o
                0x00000274                intiallize_temp_sensor
 .text.intiallize_DC_fan
                0x0000029c       0x66 main.o
                0x0000029c                intiallize_DC_fan
 .text.intiallize_ac_lamp
                0x00000302       0x1e main.o
                0x00000302                intiallize_ac_lamp
 .text.__vector_13
                0x00000320       0x20 main.o
                0x00000320                __vector_13
 .text.auto_mode_handle_and_lcd_status_update
                0x00000340      0x168 main.o
                0x00000340                auto_mode_handle_and_lcd_status_update
 .text.temp_status_display
                0x000004a8       0x8e main.o
                0x000004a8                temp_status_display
 .text.temp_to_string
                0x00000536       0x82 main.o
                0x00000536                temp_to_string
 .text.main     0x000005b8      0x46e main.o
                0x000005b8                main
 .text.mcal_adc_intiallize
                0x00000a26      0x220 mcal_layer/ADC/ADC_module.o
                0x00000a26                mcal_adc_intiallize
 .text.mcal_adc_read
                0x00000c46       0x62 mcal_layer/ADC/ADC_module.o
                0x00000c46                mcal_adc_read
 .text.mcal_adc_read_poilling_value
                0x00000ca8       0x26 mcal_layer/ADC/ADC_module.o
                0x00000ca8                mcal_adc_read_poilling_value
 .text.mcal_gpio_pin_direction_intiallize
                0x00000cce       0x70 mcal_layer/gpio/mcal_gpio.o
                0x00000cce                mcal_gpio_pin_direction_intiallize
 .text.mcal_gpio_pin_output_write_logic
                0x00000d3e       0x8e mcal_layer/gpio/mcal_gpio.o
                0x00000d3e                mcal_gpio_pin_output_write_logic
 .text.mcal_PWM0_intiallize
                0x00000dcc       0x58 mcal_layer/PWM/PWM.o
                0x00000dcc                mcal_PWM0_intiallize
 .text.mcal_PWM0_increase_to_value
                0x00000e24       0x10 mcal_layer/PWM/PWM.o
                0x00000e24                mcal_PWM0_increase_to_value
 .text.mcal_PWM0_decrease_from_value
                0x00000e34        0xe mcal_layer/PWM/PWM.o
                0x00000e34                mcal_PWM0_decrease_from_value
 .text.mcal_PWM0_start_to_end
                0x00000e42        0xe mcal_layer/PWM/PWM.o
                0x00000e42                mcal_PWM0_start_to_end
 .text.mcal_timer0_select_prescalar
                0x00000e50       0xe4 mcal_layer/timer0/timer0.o
                0x00000e50                mcal_timer0_select_prescalar
 .text.USART_Init
                0x00000f34        0xe mcal_layer/USART/USART.o
                0x00000f34                USART_Init
 .text.USART_Transmit
                0x00000f42        0x8 mcal_layer/USART/USART.o
                0x00000f42                USART_Transmit
 .text.USART_TransmitString
                0x00000f4a       0x1a mcal_layer/USART/USART.o
                0x00000f4a                USART_TransmitString
 .text.libgcc   0x00000f64        0xc c:/program files (x86)/atmel/studio/7.0/toolchain/avr8/avr8-gnu-toolchain/bin/../lib/gcc/avr/5.4.0/avr5\libgcc.a(_tablejump2.o)
                0x00000f64                __tablejump2__
 .text.libgcc.mul
                0x00000f70       0x1e c:/program files (x86)/atmel/studio/7.0/toolchain/avr8/avr8-gnu-toolchain/bin/../lib/gcc/avr/5.4.0/avr5\libgcc.a(_umulhisi3.o)
                0x00000f70                __umulhisi3
                0x00000f8e                . = ALIGN (0x2)
 *(.fini9)
 .fini9         0x00000f8e        0x0 c:/program files (x86)/atmel/studio/7.0/toolchain/avr8/avr8-gnu-toolchain/bin/../lib/gcc/avr/5.4.0/avr5\libgcc.a(_exit.o)
                0x00000f8e                _exit
                0x00000f8e                exit
 *(.fini9)
 *(.fini8)
 *(.fini8)
 *(.fini7)
 *(.fini7)
 *(.fini6)
 *(.fini6)
 *(.fini5)
 *(.fini5)
 *(.fini4)
 *(.fini4)
 *(.fini3)
 *(.fini3)
 *(.fini2)
 *(.fini2)
 *(.fini1)
 *(.fini1)
 *(.fini0)
 .fini0         0x00000f8e        0x4 c:/program files (x86)/atmel/studio/7.0/toolchain/avr8/avr8-gnu-toolchain/bin/../lib/gcc/avr/5.4.0/avr5\libgcc.a(_exit.o)
 *(.fini0)
                0x00000f92                _etext = .

.data           0x00800060       0x40 load address 0x00000f92
                0x00800060                PROVIDE (__data_start, .)
 *(.data)
 *(.data*)
 .data.temp_str
                0x00800060        0x3 main.o
                0x00800060                temp_str
 .data.gpio_port_reg
                0x00800063        0x8 mcal_layer/gpio/mcal_gpio.o
                0x00800063                gpio_port_reg
 .data.gpio_ddr_reg
                0x0080006b        0x8 mcal_layer/gpio/mcal_gpio.o
                0x0080006b                gpio_ddr_reg
 *(.gnu.linkonce.d*)
 *(.rodata)
 .rodata        0x00800073        0x2 main.o
 *(.rodata*)
 .rodata.str1.1
                0x00800075       0x2b main.o
 *(.gnu.linkonce.r*)
                0x008000a0                . = ALIGN (0x2)
                0x008000a0                _edata = .
                0x008000a0                PROVIDE (__data_end, .)

.bss            0x008000a0       0x2a
                0x008000a0                PROVIDE (__bss_start, .)
 *(.bss)
 *(.bss*)
 *(COMMON)
 COMMON         0x008000a0       0x2a main.o
                0x008000a0                x
                0x008000a1                timer
                0x008000a4                lower_temp
                0x008000a6                temp_val
                0x008000a8                dc_fan1
                0x008000a9                receivedData
                0x008000aa                fan_speed
                0x008000ac                upper_temp
                0x008000ae                auto_mode
                0x008000b1                index
                0x008000b2                recieved_frame
                0x008000c2                dc_fan2
                0x008000c3                ac_lamp
                0x008000c4                temp_sensor
                0x008000c6                isr_count
                0x008000c7                temp_status
                0x008000c8                dc_fan_pwm
                0x008000ca                PROVIDE (__bss_end, .)
                0x00000f92                __data_load_start = LOADADDR (.data)
                0x00000fd2                __data_load_end = (__data_load_start + SIZEOF (.data))

.noinit         0x008000ca        0x0
                [!provide]                PROVIDE (__noinit_start, .)
 *(.noinit*)
                [!provide]                PROVIDE (__noinit_end, .)
                0x008000ca                _end = .
                [!provide]                PROVIDE (__heap_start, .)

.eeprom         0x00810000        0x0
 *(.eeprom*)
                0x00810000                __eeprom_end = .

.fuse
 *(.fuse)
 *(.lfuse)
 *(.hfuse)
 *(.efuse)

.lock
 *(.lock*)

.signature
 *(.signature*)

.user_signatures
 *(.user_signatures*)

.stab
 *(.stab)

.stabstr
 *(.stabstr)

.stab.excl
 *(.stab.excl)

.stab.exclstr
 *(.stab.exclstr)

.stab.index
 *(.stab.index)

.stab.indexstr
 *(.stab.indexstr)

.comment        0x00000000       0x30
 *(.comment)
 .comment       0x00000000       0x30 lcd2.o
                                 0x31 (size before relaxing)
 .comment       0x00000030       0x31 main.o
 .comment       0x00000030       0x31 mcal_layer/ADC/ADC_module.o
 .comment       0x00000030       0x31 mcal_layer/gpio/mcal_gpio.o
 .comment       0x00000030       0x31 mcal_layer/PWM/PWM.o
 .comment       0x00000030       0x31 mcal_layer/timer0/timer0.o
 .comment       0x00000030       0x31 mcal_layer/USART/USART.o

.note.gnu.avr.deviceinfo
                0x00000000       0x3c
 .note.gnu.avr.deviceinfo
                0x00000000       0x3c C:/Program Files (x86)/Atmel/Studio/7.0/Packs/atmel/ATmega_DFP/1.7.374/gcc/dev/atmega32/avr5/crtatmega32.o

.note.gnu.build-id
 *(.note.gnu.build-id)

.debug
 *(.debug)

.line
 *(.line)

.debug_srcinfo
 *(.debug_srcinfo)

.debug_sfnames
 *(.debug_sfnames)

.debug_aranges  0x00000000      0x228
 *(.debug_aranges)
 .debug_aranges
                0x00000000       0x58 lcd2.o
 .debug_aranges
                0x00000058       0x58 main.o
 .debug_aranges
                0x000000b0       0x38 mcal_layer/ADC/ADC_module.o
 .debug_aranges
                0x000000e8       0x48 mcal_layer/gpio/mcal_gpio.o
 .debug_aranges
                0x00000130       0x48 mcal_layer/PWM/PWM.o
 .debug_aranges
                0x00000178       0x40 mcal_layer/timer0/timer0.o
 .debug_aranges
                0x000001b8       0x70 mcal_layer/USART/USART.o

.debug_pubnames
 *(.debug_pubnames)

.debug_info     0x00000000     0x2dcf
 *(.debug_info .gnu.linkonce.wi.*)
 .debug_info    0x00000000      0x4e6 C:/Program Files (x86)/Atmel/Studio/7.0/Packs/atmel/ATmega_DFP/1.7.374/gcc/dev/atmega32/avr5/crtatmega32.o
 .debug_info    0x000004e6      0x69f lcd2.o
 .debug_info    0x00000b85     0x10ce main.o
 .debug_info    0x00001c53      0x303 mcal_layer/ADC/ADC_module.o
 .debug_info    0x00001f56      0x404 mcal_layer/gpio/mcal_gpio.o
 .debug_info    0x0000235a      0x2f2 mcal_layer/PWM/PWM.o
 .debug_info    0x0000264c      0x29e mcal_layer/timer0/timer0.o
 .debug_info    0x000028ea      0x4e5 mcal_layer/USART/USART.o

.debug_abbrev   0x00000000      0xea7
 *(.debug_abbrev)
 .debug_abbrev  0x00000000      0x4a3 C:/Program Files (x86)/Atmel/Studio/7.0/Packs/atmel/ATmega_DFP/1.7.374/gcc/dev/atmega32/avr5/crtatmega32.o
 .debug_abbrev  0x000004a3      0x1aa lcd2.o
 .debug_abbrev  0x0000064d      0x29e main.o
 .debug_abbrev  0x000008eb      0x103 mcal_layer/ADC/ADC_module.o
 .debug_abbrev  0x000009ee      0x135 mcal_layer/gpio/mcal_gpio.o
 .debug_abbrev  0x00000b23      0x105 mcal_layer/PWM/PWM.o
 .debug_abbrev  0x00000c28       0xf1 mcal_layer/timer0/timer0.o
 .debug_abbrev  0x00000d19      0x18e mcal_layer/USART/USART.o

.debug_line     0x00000000     0x1b85
 *(.debug_line .debug_line.* .debug_line_end)
 .debug_line    0x00000000      0x116 C:/Program Files (x86)/Atmel/Studio/7.0/Packs/atmel/ATmega_DFP/1.7.374/gcc/dev/atmega32/avr5/crtatmega32.o
 .debug_line    0x00000116      0x330 lcd2.o
 .debug_line    0x00000446      0x7de main.o
 .debug_line    0x00000c24      0x365 mcal_layer/ADC/ADC_module.o
 .debug_line    0x00000f89      0x2de mcal_layer/gpio/mcal_gpio.o
 .debug_line    0x00001267      0x2a1 mcal_layer/PWM/PWM.o
 .debug_line    0x00001508      0x2da mcal_layer/timer0/timer0.o
 .debug_line    0x000017e2      0x3a3 mcal_layer/USART/USART.o

.debug_frame    0x00000000      0x458
 *(.debug_frame)
 .debug_frame   0x00000000       0xc0 lcd2.o
 .debug_frame   0x000000c0       0xe0 main.o
 .debug_frame   0x000001a0       0x54 mcal_layer/ADC/ADC_module.o
 .debug_frame   0x000001f4       0x74 mcal_layer/gpio/mcal_gpio.o
 .debug_frame   0x00000268       0x74 mcal_layer/PWM/PWM.o
 .debug_frame   0x000002dc       0x7c mcal_layer/timer0/timer0.o
 .debug_frame   0x00000358      0x100 mcal_layer/USART/USART.o

.debug_str      0x00000000      0xebe
 *(.debug_str)
 .debug_str     0x00000000      0x196 C:/Program Files (x86)/Atmel/Studio/7.0/Packs/atmel/ATmega_DFP/1.7.374/gcc/dev/atmega32/avr5/crtatmega32.o
 .debug_str     0x00000196      0x25a lcd2.o
                                0x293 (size before relaxing)
 .debug_str     0x000003f0      0x567 main.o
                                0x7a1 (size before relaxing)
 .debug_str     0x00000957       0x6b mcal_layer/ADC/ADC_module.o
                                0x386 (size before relaxing)
 .debug_str     0x000009c2       0xf4 mcal_layer/gpio/mcal_gpio.o
                                0x374 (size before relaxing)
 .debug_str     0x00000ab6       0x86 mcal_layer/PWM/PWM.o
                                0x39f (size before relaxing)
 .debug_str     0x00000b3c       0xcd mcal_layer/timer0/timer0.o
                                0x3a9 (size before relaxing)
 .debug_str     0x00000c09      0x2b5 mcal_layer/USART/USART.o
                                0x47b (size before relaxing)

.debug_loc      0x00000000     0x1d01
 *(.debug_loc)
 .debug_loc     0x00000000      0x631 lcd2.o
 .debug_loc     0x00000631      0x7ac main.o
 .debug_loc     0x00000ddd      0x1f4 mcal_layer/ADC/ADC_module.o
 .debug_loc     0x00000fd1      0x429 mcal_layer/gpio/mcal_gpio.o
 .debug_loc     0x000013fa      0x13b mcal_layer/PWM/PWM.o
 .debug_loc     0x00001535      0x38b mcal_layer/timer0/timer0.o
 .debug_loc     0x000018c0      0x441 mcal_layer/USART/USART.o

.debug_macinfo
 *(.debug_macinfo)

.debug_weaknames
 *(.debug_weaknames)

.debug_funcnames
 *(.debug_funcnames)

.debug_typenames
 *(.debug_typenames)

.debug_varnames
 *(.debug_varnames)

.debug_pubtypes
 *(.debug_pubtypes)

.debug_ranges   0x00000000      0x1f0
 *(.debug_ranges)
 .debug_ranges  0x00000000       0x48 lcd2.o
 .debug_ranges  0x00000048       0x48 main.o
 .debug_ranges  0x00000090       0x28 mcal_layer/ADC/ADC_module.o
 .debug_ranges  0x000000b8       0x70 mcal_layer/gpio/mcal_gpio.o
 .debug_ranges  0x00000128       0x38 mcal_layer/PWM/PWM.o
 .debug_ranges  0x00000160       0x30 mcal_layer/timer0/timer0.o
 .debug_ranges  0x00000190       0x60 mcal_layer/USART/USART.o

.debug_macro
 *(.debug_macro)
OUTPUT(avrapp1.elf elf32-avr)
LOAD linker stubs
